21:06:19.334 Running build in Washington, D.C., USA (East) – iad1
21:06:19.334 Build machine configuration: 2 cores, 8 GB
21:06:19.453 Cloning github.com/stasganiev/boardgame-rental (Branch: main, Commit: c150a84)
21:06:19.454 Previous build caches not available.
21:06:19.780 Cloning completed: 327.000ms
21:06:20.175 Running "vercel build"
21:06:20.817 Vercel CLI 50.38.2
21:06:21.074 Installing dependencies...
21:06:23.324 npm warn deprecated rimraf@3.0.2: Rimraf versions prior to v4 are no longer supported
21:06:23.876 npm warn deprecated inflight@1.0.6: This module is not supported, and leaks memory. Do not use it. Check out lru-cache if you want a good and tested way to coalesce async requests by a key value, which is much more comprehensive and powerful.
21:06:25.021 npm warn deprecated @humanwhocodes/config-array@0.13.0: Use @eslint/config-array instead
21:06:25.169 npm warn deprecated @humanwhocodes/object-schema@2.0.3: Use @eslint/object-schema instead
21:06:25.216 npm warn deprecated glob@7.2.3: Old versions of glob are not supported, and contain widely publicized security vulnerabilities, which have been fixed in the current version. Please update. Support for old versions may be purchased (at exorbitant rates) by contacting i@izs.me
21:06:26.064 npm warn deprecated glob@10.3.10: Old versions of glob are not supported, and contain widely publicized security vulnerabilities, which have been fixed in the current version. Please update. Support for old versions may be purchased (at exorbitant rates) by contacting i@izs.me
21:06:27.804 npm warn deprecated eslint@8.57.1: This version is no longer supported. Please see https://eslint.org/version-support for other options.
21:06:33.318 npm warn deprecated next@14.2.29: This version has a security vulnerability. Please upgrade to a patched version. See https://nextjs.org/blog/security-update-2025-12-11 for more details.
21:06:33.735 
21:06:33.735 added 438 packages in 12s
21:06:33.736 
21:06:33.736 160 packages are looking for funding
21:06:33.736   run `npm fund` for details
21:06:33.793 Detected Next.js version: 14.2.29
21:06:33.799 Running "npm run build"
21:06:33.894 
21:06:33.894 > boardgame-rental@0.1.0 build
21:06:33.895 > next build
21:06:33.895 
21:06:34.401 Attention: Next.js now collects completely anonymous telemetry regarding usage.
21:06:34.402 This information is used to shape Next.js' roadmap and prioritize features.
21:06:34.402 You can learn more, including how to opt-out if you'd not like to participate in this anonymous program, by visiting the following URL:
21:06:34.402 https://nextjs.org/telemetry
21:06:34.402 
21:06:34.452   ▲ Next.js 14.2.29
21:06:34.453 
21:06:34.469    Creating an optimized production build ...
21:06:45.992 <w> [webpack.cache.PackFileCacheStrategy] Serializing big strings (140kiB) impacts deserialization performance (consider using Buffer instead and decode when needed)
21:06:52.669  ✓ Compiled successfully
21:06:52.670    Linting and checking validity of types ...
21:06:56.075 
21:06:56.076 ./app/[locale]/auth/reset-password/page.tsx
21:06:56.076 14:9  Warning: 'router' is assigned a value but never used.  @typescript-eslint/no-unused-vars
21:06:56.076 
21:06:56.076 ./app/[locale]/profile/[id]/page.tsx
21:06:56.076 7:15  Warning: 'UserProfile' is defined but never used.  @typescript-eslint/no-unused-vars
21:06:56.076 25:41  Warning: Unexpected any. Specify a different type.  @typescript-eslint/no-explicit-any
21:06:56.077 
21:06:56.077 ./app/actions/profile.ts
21:06:56.077 5:10  Warning: 'createAdminClient' is defined but never used.  @typescript-eslint/no-unused-vars
21:06:56.077 
21:06:56.077 ./components/layout/Providers.tsx
21:06:56.077 3:21  Warning: 'useEffect' is defined but never used.  @typescript-eslint/no-unused-vars
21:06:56.077 
21:06:56.077 ./components/profile/EditProfileForm.tsx
21:06:56.077 10:12  Warning: Unexpected any. Specify a different type.  @typescript-eslint/no-explicit-any
21:06:56.077 
21:06:56.077 ./components/ui/ContactBadge.tsx
21:06:56.077 2:10  Warning: 'cn' is defined but never used.  @typescript-eslint/no-unused-vars
21:06:56.077 
21:06:56.077 info  - Need to disable some ESLint rules? Learn more here: https://nextjs.org/docs/basic-features/eslint#disabling-rules